// Jest Snapshot v1, https://goo.gl/fbAQLP

exports[`AtCoder get information contest and tasks contest aic987 1`] = `
Object {
  "id": "aic987",
  "title": "AtCoder Imaginary Contest 987",
  "url": "https://atcoder.jp/contests/aic987",
}
`;

exports[`AtCoder get information contest and tasks task aic987 aic987_a 1`] = `
Object {
  "id": "aic987_a",
  "label": "A",
  "title": "This is Problem A",
  "url": "https://atcoder.jp/contests/aic987/tasks/aic987_a",
}
`;

exports[`AtCoder get information contest and tasks task aic987 aic987_b 1`] = `
Object {
  "id": "aic987_b",
  "label": "B",
  "title": "Next Problem",
  "url": "https://atcoder.jp/contests/aic987/tasks/aic987_b",
}
`;

exports[`AtCoder get information contest and tasks task aic987 aic987_c 1`] = `
Object {
  "id": "aic987_c",
  "label": "C",
  "title": "The Test Cases",
  "url": "https://atcoder.jp/contests/aic987/tasks/aic987_c",
}
`;

exports[`AtCoder get information contest and tasks tasks aic987 1`] = `
Array [
  Object {
    "id": "aic987_a",
    "label": "A",
    "title": "This is Problem A",
    "url": "https://atcoder.jp/contests/aic987/tasks/aic987_a",
  },
  Object {
    "id": "aic987_b",
    "label": "B",
    "title": "Next Problem",
    "url": "https://atcoder.jp/contests/aic987/tasks/aic987_b",
  },
  Object {
    "id": "aic987_c",
    "label": "C",
    "title": "The Test Cases",
    "url": "https://atcoder.jp/contests/aic987/tasks/aic987_c",
  },
  Object {
    "id": "aic987_d",
    "label": "D",
    "title": "Imaginary Problem",
    "url": "https://atcoder.jp/contests/aic987/tasks/aic987_d",
  },
]
`;
