// Jest Snapshot v1, https://goo.gl/fbAQLP

exports[`AtCoder get information contest and tasks contest aic987 1`] = `
Object {
  "id": "aic987",
  "title": "問題 - AtCoder Imaginary Contest 987",
  "url": "https://atcoder.jp/contests/aic987",
}
`;

exports[`AtCoder get information contest and tasks task abc101 abc101_a 1`] = `
Object {
  "id": "abc101_a",
  "label": "A",
  "title": "Eating Symbols Easy",
  "url": "https://atcoder.jp/contests/abc101/tasks/abc101_a",
}
`;

exports[`AtCoder get information contest and tasks task abc101 abc101_b 1`] = `
Object {
  "id": "abc101_b",
  "label": "B",
  "title": "Digit Sums",
  "url": "https://atcoder.jp/contests/abc101/tasks/abc101_b",
}
`;

exports[`AtCoder get information contest and tasks task arc101 arc101_a 1`] = `
Object {
  "id": "arc101_a",
  "label": "C",
  "title": "Candles",
  "url": "https://atcoder.jp/contests/arc101/tasks/arc101_a",
}
`;
